src/backend/api.server.ts(3,8): error TS1259: Module '"node:path"' can only be default-imported using the 'esModuleInterop' flag
src/backend/api.server.ts(9,45): error TS2307: Cannot find module '@/lib/auth-session.server' or its corresponding type declarations.
src/backend/api.server.ts(10,46): error TS2307: Cannot find module '@/lib/password.server' or its corresponding type declarations.
src/backend/api.server.ts(18,8): error TS2307: Cannot find module '@/lib/user-db.server' or its corresponding type declarations.
src/backend/api.server.ts(19,51): error TS2307: Cannot find module '@/lib/website-page-cms.server' or its corresponding type declarations.
src/backend/api.server.ts(20,54): error TS2307: Cannot find module '@/lib/validation/client-job' or its corresponding type declarations.
src/backend/api.server.ts(28,8): error TS2307: Cannot find module '@/lib/job-db.server' or its corresponding type declarations.
src/backend/api.server.ts(37,8): error TS2307: Cannot find module '@/lib/project-request-db.server' or its corresponding type declarations.
src/backend/api.server.ts(38,36): error TS2307: Cannot find module '@/lib/hire-db.server' or its corresponding type declarations.
src/backend/api.server.ts(39,65): error TS2307: Cannot find module '@/lib/notification-db.server' or its corresponding type declarations.
src/backend/api.server.ts(44,8): error TS2307: Cannot find module '@/lib/admin-dashboard-db.server' or its corresponding type declarations.
src/backend/api.server.ts(49,8): error TS2307: Cannot find module '@/lib/user-db.server' or its corresponding type declarations.
src/backend/api.server.ts(479,40): error TS2345: Argument of type '{ currency: string; jobId?: number; amount?: number; professionalId?: number; idempotencyKey?: string; }' is not assignable to parameter of type '{ professionalId: number; jobId?: number; amount: number; currency: string; idempotencyKey: string; }'.
  Property 'professionalId' is optional in type '{ currency: string; jobId?: number; amount?: number; professionalId?: number; idempotencyKey?: string; }' but required in type '{ professionalId: number; jobId?: number; amount: number; currency: string; idempotencyKey: string; }'.
src/backend/auth.server.ts(2,43): error TS2307: Cannot find module '@/lib/user-db.server' or its corresponding type declarations.
src/backend/database.server.ts(1,8): error TS1259: Module '"node:path"' can only be default-imported using the 'esModuleInterop' flag
src/backend/database.server.ts(2,8): error TS1259: Module '"C:/skill-shine-gateway-main-main/node_modules/@types/better-sqlite3/index"' can only be default-imported using the 'esModuleInterop' flag
src/backend/email.server.ts(1,8): error TS1192: Module '"C:/skill-shine-gateway-main-main/node_modules/@types/nodemailer/index"' has no default export.
